// Jest Snapshot v1, https://goo.gl/fbAQLP

exports[`CalloutPreview component snapshot matches 1`] = `
<div>
  asdf
</div>
`;
