// Jest Snapshot v1, https://goo.gl/fbAQLP

exports[`Bulk component snapshot matches 1`] = `
<i
  className="icon-pen sc-bdVaJa cUgreV"
  icon="pen"
/>
`;
