// Jest Snapshot v1, https://goo.gl/fbAQLP

exports[`DataWithLoader component snapshot matches 1`] = `"today"`;
