// Jest Snapshot v1, https://goo.gl/fbAQLP

exports[`Label component snapshot matches 1`] = `
<span
  className="default sc-iwsKbI jCmhMm"
>
  
</span>
`;
