// Jest Snapshot v1, https://goo.gl/fbAQLP

exports[`Spinner component snapshot matches 1`] = `
<div
  className="sc-bdVaJa dzYWQC"
>
  <div
    className="sc-bwzfXH lgzOv"
  />
</div>
`;
