// Jest Snapshot v1, https://goo.gl/fbAQLP

exports[`FilterToggler component snapshot matches 1`] = `
<button
  className="sc-bZQynM jGbjye"
  onBlur={[Function]}
  onClick={null}
  onFocus={[Function]}
  onMouseOut={[Function]}
  onMouseOver={[Function]}
  type="button"
/>
`;
