// Jest Snapshot v1, https://goo.gl/fbAQLP

exports[`WithPermission component snapshot matches 1`] = `null`;
