// Jest Snapshot v1, https://goo.gl/fbAQLP

exports[`FormBase component snapshot matches 1`] = `"any"`;
