// Jest Snapshot v1, https://goo.gl/fbAQLP

exports[`ActionBar component snapshot matches 1`] = `
<div
  className="sc-htoDjs jjFcsU"
/>
`;
