// Jest Snapshot v1, https://goo.gl/fbAQLP

exports[`Content component snapshot matches 1`] = `null`;
